// Jest Snapshot v1, https://goo.gl/fbAQLP

exports[`<Header /> should render Header component 1`] = `
<DocumentFragment>
  <header
    class="appHeader"
  >
    <h1
      class="appTitle"
    >
      Try to build something great
    </h1>
    <a
      class="headerLink"
      href="/"
    >
      Home
    </a>
    <a
      class="headerLink"
      href="/about"
    >
      About
    </a>
    <a
      class="headerLink"
      href="/lazy"
    >
      Lazy
    </a>
    <a
      class="headerLink"
      href="/memo"
    >
      Memo
    </a>
    <a
      class="headerLink"
      href="/context"
    >
      Context
    </a>
    <button
      class="toggleLanguage"
      data-testid="toggle-language-button"
      type="button"
    >
      en
    </button>
  </header>
</DocumentFragment>
`;
