// Jest Snapshot v1, https://goo.gl/fbAQLP

exports[`<LazyView /> should render LazyView component 1`] = `
<DocumentFragment>
  <div>
    <p
      class="appIntro"
    >
      Lazy page
    </p>
    <div>
      <p>
        mock information title
      </p>
      <img
        alt="mock information title"
        class="appBanner"
        src="mock information poster"
      />
    </div>
    <input
      data-testid="input-search"
      type="text"
      value="mock search"
    />
    <button
      class="updateFilm"
      data-testid="update-film-button"
      type="button"
    >
      Search
    </button>
  </div>
</DocumentFragment>
`;
