// Jest Snapshot v1, https://goo.gl/fbAQLP

exports[`<Grid /> should render component 1`] = `
<DocumentFragment>
  <div
    aria-hidden="true"
    class="gridContainer"
    style="background-size: 50px 50px;"
  >
    <section
      aria-atomic="false"
      aria-label="Notifications Alt+T"
      aria-live="polite"
      aria-relevant="additions text"
      class="Toastify"
    />
  </div>
</DocumentFragment>
`;
