// Jest Snapshot v1, https://goo.gl/fbAQLP

exports[`<Loader /> should render component 1`] = `
<DocumentFragment>
  <div>
    <img
      alt="loader"
      class="appLoader"
      src="loader.svg"
    />
  </div>
</DocumentFragment>
`;
